// Jest Snapshot v1, https://goo.gl/fbAQLP

exports[`renders a snapshot of Github card 1`] = `null`;
